ROW 1 YES
ROW 2 YES
ROW 3 YES
ROW 4 YES
ROW 5 NO
ROW 6 NO
ROW 7 YES
COLUMN 1 YES
COLUMN 2 NO
COLUMN 3 NO
COLUMN 4 YES
COLUMN 5 YES
COLUMN 6 YES
COLUMN 7 YES
DIAG1 YES
DIAG2 YES
UNIQUE NO
MAGIC NO
