ROW 1 YES
ROW 2 YES
ROW 3 YES
ROW 4 YES
ROW 5 YES
ROW 6 YES
ROW 7 YES
ROW 8 YES
ROW 9 YES
ROW 10 YES
ROW 11 YES
ROW 12 YES
ROW 13 YES
ROW 14 YES
ROW 15 YES
ROW 16 YES
ROW 17 YES
ROW 18 YES
ROW 19 YES
ROW 20 YES
ROW 21 YES
ROW 22 YES
ROW 23 YES
ROW 24 YES
ROW 25 YES
ROW 26 YES
ROW 27 YES
ROW 28 YES
ROW 29 YES
ROW 30 YES
ROW 31 YES
ROW 32 YES
ROW 33 YES
ROW 34 YES
ROW 35 YES
ROW 36 YES
ROW 37 YES
ROW 38 YES
ROW 39 YES
ROW 40 YES
ROW 41 YES
ROW 42 YES
ROW 43 YES
ROW 44 YES
ROW 45 YES
ROW 46 YES
ROW 47 YES
ROW 48 YES
ROW 49 YES
ROW 50 YES
ROW 51 YES
ROW 52 YES
ROW 53 YES
ROW 54 YES
ROW 55 YES
ROW 56 YES
ROW 57 YES
ROW 58 YES
ROW 59 YES
ROW 60 YES
ROW 61 YES
ROW 62 YES
ROW 63 YES
ROW 64 YES
ROW 65 YES
ROW 66 YES
ROW 67 YES
ROW 68 YES
ROW 69 YES
ROW 70 YES
ROW 71 YES
ROW 72 YES
ROW 73 YES
ROW 74 YES
ROW 75 YES
ROW 76 YES
ROW 77 YES
ROW 78 YES
ROW 79 YES
ROW 80 YES
ROW 81 YES
ROW 82 YES
ROW 83 YES
ROW 84 YES
ROW 85 YES
ROW 86 YES
ROW 87 YES
ROW 88 YES
ROW 89 YES
ROW 90 YES
ROW 91 YES
ROW 92 YES
ROW 93 YES
ROW 94 YES
ROW 95 YES
ROW 96 YES
ROW 97 YES
ROW 98 YES
ROW 99 NO
COLUMN 1 YES
COLUMN 2 YES
COLUMN 3 YES
COLUMN 4 YES
COLUMN 5 YES
COLUMN 6 YES
COLUMN 7 YES
COLUMN 8 YES
COLUMN 9 YES
COLUMN 10 YES
COLUMN 11 YES
COLUMN 12 YES
COLUMN 13 YES
COLUMN 14 YES
COLUMN 15 YES
COLUMN 16 YES
COLUMN 17 YES
COLUMN 18 YES
COLUMN 19 YES
COLUMN 20 YES
COLUMN 21 YES
COLUMN 22 YES
COLUMN 23 YES
COLUMN 24 YES
COLUMN 25 YES
COLUMN 26 YES
COLUMN 27 YES
COLUMN 28 YES
COLUMN 29 YES
COLUMN 30 YES
COLUMN 31 YES
COLUMN 32 YES
COLUMN 33 YES
COLUMN 34 YES
COLUMN 35 YES
COLUMN 36 YES
COLUMN 37 YES
COLUMN 38 YES
COLUMN 39 YES
COLUMN 40 YES
COLUMN 41 YES
COLUMN 42 YES
COLUMN 43 YES
COLUMN 44 YES
COLUMN 45 YES
COLUMN 46 YES
COLUMN 47 YES
COLUMN 48 YES
COLUMN 49 YES
COLUMN 50 YES
COLUMN 51 YES
COLUMN 52 YES
COLUMN 53 YES
COLUMN 54 YES
COLUMN 55 YES
COLUMN 56 YES
COLUMN 57 YES
COLUMN 58 YES
COLUMN 59 YES
COLUMN 60 YES
COLUMN 61 YES
COLUMN 62 YES
COLUMN 63 YES
COLUMN 64 YES
COLUMN 65 YES
COLUMN 66 YES
COLUMN 67 YES
COLUMN 68 YES
COLUMN 69 YES
COLUMN 70 YES
COLUMN 71 YES
COLUMN 72 YES
COLUMN 73 YES
COLUMN 74 YES
COLUMN 75 YES
COLUMN 76 YES
COLUMN 77 YES
COLUMN 78 YES
COLUMN 79 YES
COLUMN 80 YES
COLUMN 81 YES
COLUMN 82 YES
COLUMN 83 YES
COLUMN 84 YES
COLUMN 85 YES
COLUMN 86 YES
COLUMN 87 YES
COLUMN 88 YES
COLUMN 89 YES
COLUMN 90 YES
COLUMN 91 YES
COLUMN 92 YES
COLUMN 93 YES
COLUMN 94 YES
COLUMN 95 YES
COLUMN 96 YES
COLUMN 97 YES
COLUMN 98 NO
COLUMN 99 YES
DIAG1 YES
DIAG2 YES
UNIQUE NO
MAGIC NO
