ROW 1 YES
ROW 2 YES
ROW 3 YES
ROW 4 YES
ROW 5 YES
ROW 6 YES
ROW 7 YES
ROW 8 YES
ROW 9 YES
COLUMN 1 YES
COLUMN 2 YES
COLUMN 3 YES
COLUMN 4 YES
COLUMN 5 YES
COLUMN 6 YES
COLUMN 7 YES
COLUMN 8 YES
COLUMN 9 YES
DIAG1 YES
DIAG2 YES
UNIQUE YES
MAGIC YES
